>>> add_integer = __import__('0-add_integer').add_integer
>>> add_integer(2, 3)
5


>>> add_integer(2.0, 3.0)
5

>>> add_integer(2, -3)
-1

>>> add_integer("hello", "there")
Traceback (most recent call last):
TypeError: a must be an integer

>>> add_integer(None)
Traceback (most recent call last):
TypeError: a must be an integer

>>> add_integer(2, float('inf'))
Traceback (most recent call last):
OverflowError: cannot convert float infinity to integer

>>> add_integer(float('nan'))
Traceback (most recent call last):
ValueError: cannot convert float NaN to integer

>>> add_integer(,9)
Traceback (most recent call last):
SyntaxError: invalid syntax

>>> add_integer(2.3, None)
Traceback (most recent call last):
TypeError: b must be an integer

>>> add_integer()
Traceback (most recent call last):
TypeError: add_integer() missing 1 required positional argument: 'a'

>>> add_integer(float('inf'))
Traceback (most recent call last):
OverflowError: cannot convert float infinity to integer

>>> add_integer(2)
100

>>> add_integer("hello", 3)
Traceback (most recent call last):
TypeError: a must be an integer


>>> add_integer(2, "hello")
Traceback (most recent call last):
TypeError: b must be an integer